// Jest Snapshot v1, https://goo.gl/fbAQLP

exports[`login page correctly 1`] = `ReactWrapper {}`;
