// Jest Snapshot v1, https://goo.gl/fbAQLP

exports[`sign up page correctly 1`] = `ReactWrapper {}`;
